../../include/core_cm0plus.h:741:22:__NVIC_EnableIRQ	16	static
../../include/core_cm0plus.h:848:22:__NVIC_SetPriority	24	static
../main.c:29:5:main	8	static
../main.c:42:6:GPIO_Config	8	static
../main.c:89:6:__print	24	static
../main.c:95:6:printChar	16	static
../main.c:101:6:uart_tx	16	static
../main.c:107:9:uart_rx	8	static
../main.c:115:6:USART_Config	16	static
../main.c:132:6:init_pwm2	8	static
../main.c:167:6:PWM_Value	8	static
../main.c:171:6:TIM2_IRQHandler	8	static
../main.c:188:6:read_Key	8	static
