../../include/core_cm0plus.h:741:22:__NVIC_EnableIRQ	16	static
../../include/core_cm0plus.h:848:22:__NVIC_SetPriority	24	static
../main.c:44:5:main	8	static
../main.c:66:6:SysTick_Handler	8	static
../main.c:71:6:delay_ms	24	static
../main.c:77:6:systickInit	8	static
../main.c:90:6:GPIO_config	8	static
../main.c:138:6:led4	24	static
../main.c:188:6:led3	24	static
../main.c:237:6:led2	24	static
../main.c:286:6:led1	24	static
../main.c:336:6:num_zero	16	static
../main.c:342:6:num_one	16	static
../main.c:348:6:num_two	16	static
../main.c:354:6:num_three	16	static
../main.c:360:6:num_four	16	static
../main.c:366:6:num_five	16	static
../main.c:372:6:num_six	16	static
../main.c:378:6:num_seven	16	static
../main.c:384:6:num_eight	16	static
../main.c:390:6:num_nine	16	static
../main.c:397:6:action	8	static
../main.c:470:6:EXTI_config	8	static
../main.c:480:6:EXTI4_15_IRQHandler	8	static
../main.c:495:6:onFinish_led	8	static
../main.c:501:6:offFinish_led	8	static
../main.c:506:6:RCC_config	8	static
